# ds-sim server 2-Apr, 2026 @ MQ
# Server-side simulator started with './ds-server -n -c configs/stage2/s2-config01.xml -v brief'
# Waiting for connection to port 50000 of IP address 127.0.0.1
RCVD HELO
SENT OK
RCVD AUTH chicken
# Welcome  chicken!
# The system information can be read from 'ds-system.xml'
SENT OK
RCVD REDY
t 20: job 0 -- CPU: 1, Mem: 900, Disk: 400, Est Runtime: 2264 SUBMITTED
      SENT JOBN 0 20 1 900 400 2264
      RCVD SCHD 0 small 0
      job 0 (waiting) on small 0 (booting) SCHEDULED
      SENT OK
      RCVD REDY
t 50: job 1 -- CPU: 8, Mem: 3700, Disk: 3600, Est Runtime: 324 SUBMITTED
      SENT JOBN 1 50 8 3700 3600 324
      RCVD SCHD 1 large 0
      job 1 (waiting) on large 0 (booting) SCHEDULED
      SENT OK
      RCVD REDY
t 75: job 2 -- CPU: 1, Mem: 400, Disk: 1400, Est Runtime: 4085 SUBMITTED
      SENT JOBN 2 75 1 400 1400 4085
      RCVD SCHD 2 small 1
      job 2 (waiting) on small 1 (booting) SCHEDULED
      SENT OK
      RCVD REDY
t 80: job 0 on small 0 RUNNING
t 100: job 3 -- CPU: 2, Mem: 1000, Disk: 600, Est Runtime: 1950 SUBMITTED
       SENT JOBN 3 100 2 1000 600 1950
       RCVD SCHD 3 medium 0
       job 3 (waiting) on medium 0 (booting) SCHEDULED
       SENT OK
       RCVD REDY
t 110: job 1 on large 0 RUNNING
t 135: job 2 on small 1 RUNNING
t 144: job 4 -- CPU: 4, Mem: 2200, Disk: 1700, Est Runtime: 3348 SUBMITTED
       SENT JOBN 4 144 4 2200 1700 3348
       RCVD SCHD 4 medium 1
       job 4 (waiting) on medium 1 (booting) SCHEDULED
       SENT OK
       RCVD REDY
t 160: job 3 on medium 0 RUNNING
t 204: job 4 on medium 1 RUNNING
t 2588: job 1 on large 0 COMPLETED
        SENT JCPL 2588 1 large 0
        RCVD REDY
t 2707: job 5 -- CPU: 2, Mem: 1800, Disk: 4100, Est Runtime: 4692 SUBMITTED
        SENT JOBN 5 2707 2 1800 4100 4692
        RCVD SCHD 5 medium 0
        job 5 (running) on medium 0 (active) SCHEDULED
        job 5 on medium 0 RUNNING
        SENT OK
        RCVD REDY
t 2711: job 0 on small 0 COMPLETED
        SENT JCPL 2711 0 small 0
        RCVD REDY
t 2815: job 6 -- CPU: 2, Mem: 2000, Disk: 1700, Est Runtime: 4266 SUBMITTED
        SENT JOBN 6 2815 2 2000 1700 4266
        RCVD SCHD 6 small 0
        job 6 (running) on small 0 (active) SCHEDULED
        job 6 on small 0 RUNNING
        SENT OK
        RCVD REDY
t 2897: job 7 -- CPU: 3, Mem: 2600, Disk: 2500, Est Runtime: 521 SUBMITTED
        SENT JOBN 7 2897 3 2600 2500 521
        RCVD SCHD 7 large 0
        job 7 (running) on large 0 (active) SCHEDULED
        job 7 on large 0 RUNNING
        SENT OK
        RCVD REDY
t 2947: job 8 -- CPU: 6, Mem: 4100, Disk: 8600, Est Runtime: 556 SUBMITTED
        SENT JOBN 8 2947 6 4100 8600 556
        RCVD SCHD 8 large 0
        job 8 (waiting) on large 0 (active) SCHEDULED
        SENT OK
        RCVD REDY
t 2993: job 3 on medium 0 COMPLETED
        SENT JCPL 2993 3 medium 0
        RCVD REDY
t 3402: job 2 on small 1 COMPLETED
        SENT JCPL 3402 2 small 1
        RCVD REDY
t 3673: job 4 on medium 1 COMPLETED
        SENT JCPL 3673 4 medium 1
        RCVD REDY
t 3748: job 9 -- CPU: 1, Mem: 400, Disk: 4300, Est Runtime: 93 SUBMITTED
        SENT JOBN 9 3748 1 400 4300 93
        RCVD SCHD 9 small 1
        job 9 (running) on small 1 (active) SCHEDULED
        job 9 on small 1 RUNNING
        SENT OK
        RCVD REDY
t 4182: job 7 on large 0 COMPLETED
        job 8 on large 0 RUNNING
        SENT JCPL 4182 7 large 0
        RCVD REDY
t 4861: job 8 on large 0 COMPLETED
        SENT JCPL 4861 8 large 0
        RCVD REDY
t 4887: job 9 on small 1 COMPLETED
        SENT JCPL 4887 9 small 1
        RCVD REDY
t 5007: job 6 on small 0 COMPLETED
        SENT JCPL 5007 6 small 0
        RCVD REDY
t 5623: job 5 on medium 0 COMPLETED
        SENT JCPL 5623 5 medium 0
        RCVD REDY
        SENT NONE
        RCVD QUIT
        SENT QUIT
# -------------------------------------------------------------------------------------
# 2 small servers used with a utilisation of 95.30 at the cost of $0.54
# 2 medium servers used with a utilisation of 100.00 at the cost of $0.99
# 1 large servers used with a utilisation of 93.50 at the cost of $1.06
# ==================================== [ Summary ] ====================================
# actual simulation end time: 5623, #jobs: 10 (failed 0 times)
# total #servers used: 5, avg util: 96.82% (ef. usage: 96.75%), total cost: $2.59
# avg waiting time: 153, avg exec time: 2288, avg turnaround time: 2441
